Microchip MPLAB XC8 Compiler V1.41 ()

Linker command line:

--edf=C:\Program Files (x86)\Microchip\xc8\v1.41\dat\en_msgs.txt -cs \
  -h+dist/default/production\Bicycle_Led_v32.X.production.sym \
  --cmf=dist/default/production\Bicycle_Led_v32.X.production.cmf -z \
  -Q16LF1824 -oC:\Users\YKC\AppData\Local\Temp\srb0.2 \
  -Mdist/default/production/Bicycle_Led_v32.X.production.map -E1 -ver=XC8 \
  -ASTACK=02096h-020efh -pstack=STACK -ACODE=00h-07FFhx2 \
  -ASTRCODE=00h-0FFFh -ASTRING=00h-0FFhx16 -ACONST=00h-0FFhx16 \
  -AENTRY=00h-0FFhx16 -ACOMMON=070h-07Fh -ABANK0=020h-06Fh \
  -ABANK1=0A0h-0EFh -ABANK2=0120h-016Fh -ABIGRAM=02000h-020EFh \
  -ARAM=020h-06Fh,0A0h-0EFh,0120h-016Fh \
  -AABS1=020h-07Fh,0A0h-0EFh,0120h-016Fh -ASFR0=00h-01Fh -ASFR1=080h-09Fh \
  -ASFR2=0100h-011Fh -ASFR3=0180h-01EFh -ASFR4=0200h-026Fh \
  -ASFR5=0280h-02EFh -ASFR6=0300h-036Fh -ASFR7=0380h-03EFh \
  -ASFR8=0400h-046Fh -ASFR9=0480h-04EFh -ASFR10=0500h-056Fh \
  -ASFR11=0580h-05EFh -ASFR12=0600h-066Fh -ASFR13=0680h-06EFh \
  -ASFR14=0700h-076Fh -ASFR15=0780h-07EFh -ASFR16=0800h-086Fh \
  -ASFR17=0880h-08EFh -ASFR18=0900h-096Fh -ASFR19=0980h-09EFh \
  -ASFR20=0A00h-0A6Fh -ASFR21=0A80h-0AEFh -ASFR22=0B00h-0B6Fh \
  -ASFR23=0B80h-0BEFh -ASFR24=0C00h-0C6Fh -ASFR25=0C80h-0CEFh \
  -ASFR26=0D00h-0D6Fh -ASFR27=0D80h-0DEFh -ASFR28=0E00h-0E6Fh \
  -ASFR29=0E80h-0EEFh -ASFR30=0F00h-0F6Fh -ASFR31=0F80h-0FEFh \
  -preset_vec=00h,intentry=04h,init,end_init -ppowerup=CODE -pcinit=CODE \
  -pfunctab=CODE -ACONFIG=08007h-08008h -pconfig=CONFIG -DCONFIG=2 \
  -AIDLOC=08000h-08003h -pidloc=IDLOC -DIDLOC=2 -AEEDATA=00h-0FFh/0F000h \
  -peeprom_data=EEDATA -DEEDATA=2 -DCODE=2 -DSTRCODE=2 -DSTRING=2 -DCONST=2 \
  -DENTRY=2 -k C:\Users\YKC\AppData\Local\Temp\srb0.obj \
  dist/default/production\Bicycle_Led_v32.X.production.obj 

Object code version is 3.11

Machine type is 16LF1824



                Name                               Link     Load   Length Selector   Space Scale
C:\Users\YKC\AppData\Local\Temp\srb0.obj
                end_init                             4E       4E        2        8       0
                reset_vec                             0        0        2        0       0
                config                             8007     8007        2    1000E       0
dist/default/production\Bicycle_Led_v32.X.production.obj
                cinit                                50       50       16        8       0
                intentry                              4        4       4A        8       0
                text19                              50C      50C       23        8       0
                text18                              3D8      3D8       58        8       0
                text17                              5D1      5D1       12      B30       0
                text16                              430      430       52        8       0
                text15                               66       66      12E        8       0
                text14                              5E3      5E3       11      B30       0
                text13                              54D      54D       1B        8       0
                text12                              194      194       96        8       0
                text11                              318      318       61        8       0
                text10                              5AC      5AC       13      B30       0
                text9                               5BF      5BF       12      B30       0
                text8                               22A      22A       8D        8       0
                text7                               5F4      5F4        E      B30       0
                swtext2                             580      580       18      AD0       0
                text6                               2B7      2B7       61        8       0
                text5                               598      598       14      B30       0
                swtext1                             568      568       18      AD0       0
                text4                               4CA      4CA       42        8       0
                text3                               52F      52F       1E        8       0
                text2                               602      602        B      B30       0
                text1                               379      379       5F        8       0
                maintext                            482      482       48        8       0
                cstackBANK0                          45       45       15       20       1
                cstackCOMMON                         70       70        B       70       1
                clrtext                             60D      60D        6      B30       0
                bssBANK1                             A0       A0       46       A0       1
                bssBANK0                             20       20       25       20       1
                bssCOMMON                            7B       7B        3       70       1

TOTAL           Name                               Link     Load   Length     Space
        CLASS   STACK          

        CLASS   CODE           
                end_init                             4E       4E        2         0
                cinit                                50       50       16         0
                intentry                              4        4       4A         0
                reset_vec                             0        0        2         0
                text19                              50C      50C       23         0
                text18                              3D8      3D8       58         0
                text17                              5D1      5D1       12         0
                text16                              430      430       52         0
                text15                               66       66      12E         0
                text14                              5E3      5E3       11         0
                text13                              54D      54D       1B         0
                text12                              194      194       96         0
                text11                              318      318       61         0
                text10                              5AC      5AC       13         0
                text9                               5BF      5BF       12         0
                text8                               22A      22A       8D         0
                text7                               5F4      5F4        E         0
                text6                               2B7      2B7       61         0
                text5                               598      598       14         0
                text4                               4CA      4CA       42         0
                text3                               52F      52F       1E         0
                text2                               602      602        B         0
                text1                               379      379       5F         0
                maintext                            482      482       48         0
                clrtext                             60D      60D        6         0

        CLASS   STRCODE        

        CLASS   STRING         

        CLASS   CONST          
                swtext2                             580      580       18         0
                swtext1                             568      568       18         0

        CLASS   ENTRY          

        CLASS   COMMON         
                cstackCOMMON                         70       70        B         1
                bssCOMMON                            7B       7B        3         1

        CLASS   BANK0          
                cstackBANK0                          45       45       15         1
                bssBANK0                             20       20       25         1

        CLASS   BANK1          
                bssBANK1                             A0       A0       46         1

        CLASS   BANK2          

        CLASS   BIGRAM         

        CLASS   RAM            

        CLASS   ABS1           
                abs_s1                               7E       7E        2         1

        CLASS   SFR0           

        CLASS   SFR1           

        CLASS   SFR2           

        CLASS   SFR3           

        CLASS   SFR4           

        CLASS   SFR5           

        CLASS   SFR6           

        CLASS   SFR7           

        CLASS   SFR8           

        CLASS   SFR9           

        CLASS   SFR10          

        CLASS   SFR11          

        CLASS   SFR12          

        CLASS   SFR13          

        CLASS   SFR14          

        CLASS   SFR15          

        CLASS   SFR16          

        CLASS   SFR17          

        CLASS   SFR18          

        CLASS   SFR19          

        CLASS   SFR20          

        CLASS   SFR21          

        CLASS   SFR22          

        CLASS   SFR23          

        CLASS   SFR24          

        CLASS   SFR25          

        CLASS   SFR26          

        CLASS   SFR27          

        CLASS   SFR28          

        CLASS   SFR29          

        CLASS   SFR30          

        CLASS   SFR31          

        CLASS   CONFIG         
                config                             8007     8007        2         0

        CLASS   IDLOC          

        CLASS   EEDATA         

        CLASS   BANK31         

        CLASS   BANK30         

        CLASS   BANK29         

        CLASS   BANK28         

        CLASS   BANK27         

        CLASS   BANK26         

        CLASS   BANK25         

        CLASS   BANK24         

        CLASS   BANK23         

        CLASS   BANK22         

        CLASS   BANK21         

        CLASS   BANK20         

        CLASS   BANK19         

        CLASS   BANK18         

        CLASS   BANK17         

        CLASS   BANK16         

        CLASS   BANK15         

        CLASS   BANK14         

        CLASS   BANK13         

        CLASS   BANK12         

        CLASS   BANK11         

        CLASS   BANK10         

        CLASS   BANK9          

        CLASS   BANK8          

        CLASS   BANK7          

        CLASS   BANK6          

        CLASS   BANK5          

        CLASS   BANK4          

        CLASS   BANK3          



SEGMENTS        Name                           Load    Length   Top    Selector   Space  Class     Delta

                reset_vec                      000000  000002  000002         0       0  CODE        2
                intentry                       000004  000564  000568         8       0  CODE        2
                bssBANK0                       000020  00003A  00005A        20       1  BANK0       1
                cstackCOMMON                   000070  00000E  00007E        70       1  COMMON      1
                bssBANK1                       0000A0  000046  0000E6        A0       1  BANK1       1
                swtext1                        000568  000030  000598       AD0       0  CONST       2
                text5                          000598  00007B  000613       B30       0  CODE        2
                config                         008007  000002  008009     1000E       0  CONFIG      2


UNUSED ADDRESS RANGES

        Name                Unused          Largest block    Delta
        BANK0            0005A-0006F              16           1
        BANK1            000E6-000EF               A           1
        BANK2            00120-0016F              50           1
        BIGRAM           02000-020EF              F0           1
        CODE             00002-00003               2           2
                         00613-00FFF             1ED
        CONST            00002-00003               2           2
                         00613-00FFF             100
        EEDATA           0F000-0F0FF             100           2
        ENTRY            00002-00003               2           2
                         00613-00FFF             100
        IDLOC            08000-08003               4           2
        RAM              0005A-0006F              16           1
                         000E6-000EF               A
                         00120-0016F              50
        SFR0             00000-0001F              20           1
        SFR1             00080-0009F              20           1
        SFR10            00500-0056F              70           1
        SFR11            00580-005EF              70           1
        SFR12            00600-0066F              70           1
        SFR13            00680-006EF              70           1
        SFR14            00700-0076F              70           1
        SFR15            00780-007EF              70           1
        SFR16            00800-0086F              70           1
        SFR17            00880-008EF              70           1
        SFR18            00900-0096F              70           1
        SFR19            00980-009EF              70           1
        SFR2             00100-0011F              20           1
        SFR20            00A00-00A6F              70           1
        SFR21            00A80-00AEF              70           1
        SFR22            00B00-00B6F              70           1
        SFR23            00B80-00BEF              70           1
        SFR24            00C00-00C6F              70           1
        SFR25            00C80-00CEF              70           1
        SFR26            00D00-00D6F              70           1
        SFR27            00D80-00DEF              70           1
        SFR28            00E00-00E6F              70           1
        SFR29            00E80-00EEF              70           1
        SFR3             00180-001EF              70           1
        SFR30            00F00-00F6F              70           1
        SFR31            00F80-00FEF              70           1
        SFR4             00200-0026F              70           1
        SFR5             00280-002EF              70           1
        SFR6             00300-0036F              70           1
        SFR7             00380-003EF              70           1
        SFR8             00400-0046F              70           1
        SFR9             00480-004EF              70           1
        STACK            02096-020EF              5A           1
        STRCODE          00002-00003               2           2
                         00613-00FFF             9ED
        STRING           00002-00003               2           2
                         00613-00FFF             100

                                  Symbol Table

?___awdiv                        cstackCOMMON 00073
?___wmul                         cstackCOMMON 00073
Bike_ButtonProcess@ProcessWindF  cstackBANK0  00046
Bike_ButtonProcess@RxLED_40sNoti cstackBANK0  00045
DispFlowLight@colrB              cstackBANK0  00050
DispFlowLight@colrG              cstackBANK0  0004F
DispFlowLight@colrR              cstackBANK0  00056
DispFlowLight@dspti              cstackBANK0  00055
DispFlowLight@dsptj              cstackBANK0  00057
DispFlowLight@dsptk              cstackBANK0  00054
DispStandByLight@sti             cstackBANK0  00045
High_isr@RXCheck                 cstackCOMMON 00072
Rx_RightLED_StateNoti@StateValue cstackCOMMON 00074
_AAcnt                           bssCOMMON    0007D
_ANSELA                          (abs)        0018C
_ANSELC                          (abs)        0018E
_APA102Leds_Splash               text6        002B7
_APFCON0bits                     (abs)        0011D
_BAUDCONbits                     (abs)        0019F
_Bike_ButtonProcess              text4        004CA
_Button                          bssBANK0     0003C
_CREN                            (abs)        00CEC
_CmdValue                        bssBANK0     00040
_DispFlowLight                   text11       00318
_DispLEDFix_LightRed             text9        005BF
_DispStandByLight                text8        0022A
_FERR                            (abs)        00CEA
_GIE                             (abs)        0005F
_HFIOFR                          (abs)        004D4
_High_isr                        intentry     00004
_InitGPIOS                       text3        0052F
_InitSystemClock                 text2        00602
_LATA                            (abs)        0010C
_LATAbits                        (abs)        0010C
_LATC                            (abs)        0010E
_LATCbits                        (abs)        0010E
_NewCmdF                         bssBANK0     00041
_NewF                            bssCOMMON    0007C
_NewKey                          bssBANK0     0003D
_NowState                        bssBANK0     0003B
_OERR                            (abs)        00CE9
_OPTION_REGbits                  (abs)        00095
_OSCCONbits                      (abs)        00099
_OldButton                       bssCOMMON    0007B
_OldState                        bssBANK0     0003A
_PEIE                            (abs)        0005E
_PORTAbits                       (abs)        0000C
_PORTCbits                       (abs)        0000E
_RCIE                            (abs)        0048D
_RCIF                            (abs)        0008D
_RCREG                           (abs)        00199
_RCSTAbits                       (abs)        0019D
_Rx_RightLED_StateNoti           text5        00598
_SPBRGH                          (abs)        0019C
_SPBRGL                          (abs)        0019B
_SPEN                            (abs)        00CEF
_Scan_Button                     text1        00379
_TRISA                           (abs)        0008C
_TRISC                           (abs)        0008E
_TXSTAbits                       (abs)        0019E
_Time40S_Complete                bssBANK0     0003E
__CFG_BOREN$ON                   (abs)        00000
__CFG_BORV$LO                    (abs)        00000
__CFG_CLKOUTEN$OFF               (abs)        00000
__CFG_CP$OFF                     (abs)        00000
__CFG_CPD$OFF                    (abs)        00000
__CFG_FCMEN$ON                   (abs)        00000
__CFG_FOSC$INTOSC                (abs)        00000
__CFG_IESO$OFF                   (abs)        00000
__CFG_LVP$OFF                    (abs)        00000
__CFG_MCLRE$OFF                  (abs)        00000
__CFG_PLLEN$OFF                  (abs)        00000
__CFG_PWRTE$OFF                  (abs)        00000
__CFG_STVREN$ON                  (abs)        00000
__CFG_WDTE$OFF                   (abs)        00000
__CFG_WRT$OFF                    (abs)        00000
__Habs1                          abs1         00000
__Hbank0                         bank0        00000
__Hbank1                         bank1        00000
__Hbank10                        bank10       00000
__Hbank11                        bank11       00000
__Hbank12                        bank12       00000
__Hbank13                        bank13       00000
__Hbank14                        bank14       00000
__Hbank15                        bank15       00000
__Hbank16                        bank16       00000
__Hbank17                        bank17       00000
__Hbank18                        bank18       00000
__Hbank19                        bank19       00000
__Hbank2                         bank2        00000
__Hbank20                        bank20       00000
__Hbank21                        bank21       00000
__Hbank22                        bank22       00000
__Hbank23                        bank23       00000
__Hbank24                        bank24       00000
__Hbank25                        bank25       00000
__Hbank26                        bank26       00000
__Hbank27                        bank27       00000
__Hbank28                        bank28       00000
__Hbank29                        bank29       00000
__Hbank3                         bank3        00000
__Hbank30                        bank30       00000
__Hbank31                        bank31       00000
__Hbank4                         bank4        00000
__Hbank5                         bank5        00000
__Hbank6                         bank6        00000
__Hbank7                         bank7        00000
__Hbank8                         bank8        00000
__Hbank9                         bank9        00000
__Hbigram                        bigram       00000
__HbssBANK0                      bssBANK0     00000
__HbssBANK1                      bssBANK1     00000
__HbssCOMMON                     bssCOMMON    00000
__Hcinit                         cinit        00066
__Hclrtext                       clrtext      00000
__Hcode                          code         00000
__Hcommon                        common       00000
__Hconfig                        config       08009
__HcstackBANK0                   cstackBANK0  00000
__HcstackCOMMON                  cstackCOMMON 00000
__Heeprom_data                   eeprom_data  00000
__Hend_init                      end_init     00050
__Hfunctab                       functab      00000
__Hidloc                         idloc        00000
__Hinit                          init         0004E
__Hintentry                      intentry     0004E
__Hmaintext                      maintext     00000
__Hpowerup                       powerup      00000
__Hram                           ram          00000
__Hreset_vec                     reset_vec    00002
__Hsfr0                          sfr0         00000
__Hsfr1                          sfr1         00000
__Hsfr10                         sfr10        00000
__Hsfr11                         sfr11        00000
__Hsfr12                         sfr12        00000
__Hsfr13                         sfr13        00000
__Hsfr14                         sfr14        00000
__Hsfr15                         sfr15        00000
__Hsfr16                         sfr16        00000
__Hsfr17                         sfr17        00000
__Hsfr18                         sfr18        00000
__Hsfr19                         sfr19        00000
__Hsfr2                          sfr2         00000
__Hsfr20                         sfr20        00000
__Hsfr21                         sfr21        00000
__Hsfr22                         sfr22        00000
__Hsfr23                         sfr23        00000
__Hsfr24                         sfr24        00000
__Hsfr25                         sfr25        00000
__Hsfr26                         sfr26        00000
__Hsfr27                         sfr27        00000
__Hsfr28                         sfr28        00000
__Hsfr29                         sfr29        00000
__Hsfr3                          sfr3         00000
__Hsfr30                         sfr30        00000
__Hsfr31                         sfr31        00000
__Hsfr4                          sfr4         00000
__Hsfr5                          sfr5         00000
__Hsfr6                          sfr6         00000
__Hsfr7                          sfr7         00000
__Hsfr8                          sfr8         00000
__Hsfr9                          sfr9         00000
__Hspace_0                       (abs)        08009
__Hspace_1                       (abs)        000E6
__Hspace_2                       (abs)        00000
__Hspace_3                       (abs)        00000
__Hstack                         stack        00000
__Hstrings                       strings      00000
__Htext                          text         00000
__Labs1                          abs1         00000
__Lbank0                         bank0        00000
__Lbank1                         bank1        00000
__Lbank10                        bank10       00000
__Lbank11                        bank11       00000
__Lbank12                        bank12       00000
__Lbank13                        bank13       00000
__Lbank14                        bank14       00000
__Lbank15                        bank15       00000
__Lbank16                        bank16       00000
__Lbank17                        bank17       00000
__Lbank18                        bank18       00000
__Lbank19                        bank19       00000
__Lbank2                         bank2        00000
__Lbank20                        bank20       00000
__Lbank21                        bank21       00000
__Lbank22                        bank22       00000
__Lbank23                        bank23       00000
__Lbank24                        bank24       00000
__Lbank25                        bank25       00000
__Lbank26                        bank26       00000
__Lbank27                        bank27       00000
__Lbank28                        bank28       00000
__Lbank29                        bank29       00000
__Lbank3                         bank3        00000
__Lbank30                        bank30       00000
__Lbank31                        bank31       00000
__Lbank4                         bank4        00000
__Lbank5                         bank5        00000
__Lbank6                         bank6        00000
__Lbank7                         bank7        00000
__Lbank8                         bank8        00000
__Lbank9                         bank9        00000
__Lbigram                        bigram       00000
__LbssBANK0                      bssBANK0     00000
__LbssBANK1                      bssBANK1     00000
__LbssCOMMON                     bssCOMMON    00000
__Lcinit                         cinit        00050
__Lclrtext                       clrtext      00000
__Lcode                          code         00000
__Lcommon                        common       00000
__Lconfig                        config       08007
__LcstackBANK0                   cstackBANK0  00000
__LcstackCOMMON                  cstackCOMMON 00000
__Leeprom_data                   eeprom_data  00000
__Lend_init                      end_init     0004E
__Lfunctab                       functab      00000
__Lidloc                         idloc        00000
__Linit                          init         0004E
__Lintentry                      intentry     00004
__Lmaintext                      maintext     00000
__Lpowerup                       powerup      00000
__Lram                           ram          00000
__Lreset_vec                     reset_vec    00000
__Lsfr0                          sfr0         00000
__Lsfr1                          sfr1         00000
__Lsfr10                         sfr10        00000
__Lsfr11                         sfr11        00000
__Lsfr12                         sfr12        00000
__Lsfr13                         sfr13        00000
__Lsfr14                         sfr14        00000
__Lsfr15                         sfr15        00000
__Lsfr16                         sfr16        00000
__Lsfr17                         sfr17        00000
__Lsfr18                         sfr18        00000
__Lsfr19                         sfr19        00000
__Lsfr2                          sfr2         00000
__Lsfr20                         sfr20        00000
__Lsfr21                         sfr21        00000
__Lsfr22                         sfr22        00000
__Lsfr23                         sfr23        00000
__Lsfr24                         sfr24        00000
__Lsfr25                         sfr25        00000
__Lsfr26                         sfr26        00000
__Lsfr27                         sfr27        00000
__Lsfr28                         sfr28        00000
__Lsfr29                         sfr29        00000
__Lsfr3                          sfr3         00000
__Lsfr30                         sfr30        00000
__Lsfr31                         sfr31        00000
__Lsfr4                          sfr4         00000
__Lsfr5                          sfr5         00000
__Lsfr6                          sfr6         00000
__Lsfr7                          sfr7         00000
__Lsfr8                          sfr8         00000
__Lsfr9                          sfr9         00000
__Lspace_0                       (abs)        00000
__Lspace_1                       (abs)        00000
__Lspace_2                       (abs)        00000
__Lspace_3                       (abs)        00000
__Lstack                         stack        00000
__Lstrings                       strings      00000
__Ltext                          text         00000
__S0                             (abs)        08009
__S1                             (abs)        000E6
__S2                             (abs)        00000
__S3                             (abs)        00000
___awdiv                         text16       00430
___awdiv@counter                 cstackBANK0  00045
___awdiv@dividend                cstackCOMMON 00075
___awdiv@divisor                 cstackCOMMON 00073
___awdiv@quotient                cstackBANK0  00047
___awdiv@sign                    cstackBANK0  00046
___bmul                          text14       005E3
___bmul@multiplicand             cstackCOMMON 00073
___bmul@multiplier               cstackCOMMON 00076
___bmul@product                  cstackCOMMON 00075
___int_sp                        stack        00000
___latbits                       (abs)        00001
___sp                            stack        00000
___wmul                          text13       0054D
___wmul@multiplicand             cstackCOMMON 00075
___wmul@multiplier               cstackCOMMON 00073
___wmul@product                  cstackCOMMON 00077
__end_of_APA102Leds_Splash       text6        00318
__end_of_Bike_ButtonProcess      text4        0050C
__end_of_DispFlowLight           text11       00379
__end_of_DispLEDFix_LightRed     text9        005D1
__end_of_DispStandByLight        text8        002B7
__end_of_High_isr                intentry     0004E
__end_of_InitGPIOS               text3        0054D
__end_of_InitSystemClock         text2        0060D
__end_of_Rx_RightLED_StateNoti   text5        005AC
__end_of_Scan_Button             text1        003D8
__end_of___awdiv                 text16       00482
__end_of___bmul                  text14       005F4
__end_of___wmul                  text13       00568
__end_of__initialization         cinit        00062
__end_of_delay_ms                text19       0052F
__end_of_led_display             text17       005E3
__end_of_led_init                text7        00602
__end_of_main                    maintext     004CA
__end_of_make_data               text15       00194
__end_of_make_fix_patt           text10       005BF
__end_of_make_flow_patt          text12       0022A
__end_of_output_spi              text18       00430
__initialization                 cinit        00050
__pbssBANK0                      bssBANK0     00020
__pbssBANK1                      bssBANK1     000A0
__pbssCOMMON                     bssCOMMON    0007B
__pcstackBANK0                   cstackBANK0  00045
__pcstackCOMMON                  cstackCOMMON 00070
__pintentry                      intentry     00004
__pmaintext                      maintext     00482
__pswtext1                       swtext1      00568
__pswtext2                       swtext2      00580
__ptext1                         text1        00379
__ptext10                        text10       005AC
__ptext11                        text11       00318
__ptext12                        text12       00194
__ptext13                        text13       0054D
__ptext14                        text14       005E3
__ptext15                        text15       00066
__ptext16                        text16       00430
__ptext17                        text17       005D1
__ptext18                        text18       003D8
__ptext19                        text19       0050C
__ptext2                         text2        00602
__ptext3                         text3        0052F
__ptext4                         text4        004CA
__ptext5                         text5        00598
__ptext6                         text6        002B7
__ptext7                         text7        005F4
__ptext8                         text8        0022A
__ptext9                         text9        005BF
__size_of_APA102Leds_Splash      (abs)        00000
__size_of_Bike_ButtonProcess     (abs)        00000
__size_of_DispFlowLight          (abs)        00000
__size_of_DispLEDFix_LightRed    (abs)        00000
__size_of_DispStandByLight       (abs)        00000
__size_of_High_isr               (abs)        00000
__size_of_InitGPIOS              (abs)        00000
__size_of_InitSystemClock        (abs)        00000
__size_of_Rx_RightLED_StateNoti  (abs)        00000
__size_of_Scan_Button            (abs)        00000
__size_of___awdiv                (abs)        00000
__size_of___bmul                 (abs)        00000
__size_of___wmul                 (abs)        00000
__size_of_delay_ms               (abs)        00000
__size_of_led_display            (abs)        00000
__size_of_led_init               (abs)        00000
__size_of_main                   (abs)        00000
__size_of_make_data              (abs)        00000
__size_of_make_fix_patt          (abs)        00000
__size_of_make_flow_patt         (abs)        00000
__size_of_output_spi             (abs)        00000
_brt_patt                        bssBANK0     00020
_delay_ms                        text19       0050C
_led_data                        bssBANK1     000A0
_led_display                     text17       005D1
_led_init                        text7        005F4
_main                            maintext     00482
_make_data                       text15       00066
_make_fix_patt                   text10       005AC
_make_flow_patt                  text12       00194
_output_spi                      text18       003D8
btemp                            (abs)        0007E
clear_ram0                       clrtext      0060D
delay_ms@i                       cstackCOMMON 00075
delay_ms@j                       cstackCOMMON 00077
delay_ms@mscnt                   cstackCOMMON 00073
end_of_initialization            cinit        00062
int$flags                        (abs)        0007E
intlevel0                        functab      00000
intlevel1                        functab      00000
intlevel2                        functab      00000
intlevel3                        functab      00000
intlevel4                        functab      00000
intlevel5                        functab      00000
led_display@dsi                  cstackCOMMON 00078
make_data@bcl                    cstackCOMMON 0007A
make_data@brt                    cstackBANK0  0004D
make_data@gcl                    cstackCOMMON 00079
make_data@mki                    cstackBANK0  0004E
make_data@rcl                    cstackCOMMON 00078
make_fix_patt@brti               cstackCOMMON 00075
make_fix_patt@fbrt               cstackCOMMON 00074
make_flow_patt@brti              cstackCOMMON 0007A
make_flow_patt@endn              cstackCOMMON 00079
output_spi@bitv                  cstackCOMMON 00074
output_spi@vl                    cstackCOMMON 00075
output_spi@vl_tmp                cstackCOMMON 00076
reset_vec                        reset_vec    00000
stackhi                          (abs)        020EF
stacklo                          (abs)        02096
start                            init         0004E
start_initialization             cinit        00050
wtemp0                           (abs)        0007E


FUNCTION INFORMATION:

 *************** function _main *****************
 Defined at:
		line 477 in file "main.c"
 Parameters:    Size  Location     Type
		None
 Auto vars:     Size  Location     Type
		None
 Return value:  Size  Location     Type
                  1    wreg      void 
 Registers used:
		wreg, fsr0l, fsr0h, fsr1l, fsr1h, status,2, status,0, pclath, cstack
 Tracked objects:
		On entry : 
		On exit  : 
		Unchanged: 
 Data sizes:     COMMON   BANK0   BANK1   BANK2
      Params:         0       0       0       0
      Locals:         0       0       0       0
      Temps:          0       1       0       0
      Totals:         0       1       0       0
Total ram usage:        1 bytes
 Hardware stack levels required when called:    5
 This function calls:
		_APA102Leds_Splash
		_Bike_ButtonProcess
		_DispStandByLight
		_InitGPIOS
		_InitSystemClock
		_Scan_Button
		_delay_ms
		_led_init
 This function is called by:
		Startup code after reset
 This function uses a non-reentrant model


 *************** function _Scan_Button *****************
 Defined at:
		line 7 in file "KeyButton.c"
 Parameters:    Size  Location     Type
		None
 Auto vars:     Size  Location     Type
		None
 Return value:  Size  Location     Type
                  1    wreg      unsigned char 
 Registers used:
		wreg, status,2, status,0, pclath, cstack
 Tracked objects:
		On entry : 
		On exit  : 
		Unchanged: 
 Data sizes:     COMMON   BANK0   BANK1   BANK2
      Params:         0       0       0       0
      Locals:         0       0       0       0
      Temps:          1       0       0       0
      Totals:         1       0       0       0
Total ram usage:        1 bytes
 Hardware stack levels used:    1
 Hardware stack levels required when called:    2
 This function calls:
		_delay_ms
 This function is called by:
		_main
 This function uses a non-reentrant model


 *************** function _InitSystemClock *****************
 Defined at:
		line 26 in file "main.c"
 Parameters:    Size  Location     Type
		None
 Auto vars:     Size  Location     Type
		None
 Return value:  Size  Location     Type
                  1    wreg      void 
 Registers used:
		wreg, status,2, status,0
 Tracked objects:
		On entry : 
		On exit  : 
		Unchanged: 
 Data sizes:     COMMON   BANK0   BANK1   BANK2
      Params:         0       0       0       0
      Locals:         0       0       0       0
      Temps:          0       0       0       0
      Totals:         0       0       0       0
Total ram usage:        0 bytes
 Hardware stack levels used:    1
 Hardware stack levels required when called:    1
 This function calls:
		Nothing
 This function is called by:
		_main
 This function uses a non-reentrant model


 *************** function _InitGPIOS *****************
 Defined at:
		line 35 in file "main.c"
 Parameters:    Size  Location     Type
		None
 Auto vars:     Size  Location     Type
		None
 Return value:  Size  Location     Type
                  1    wreg      void 
 Registers used:
		wreg, status,2
 Tracked objects:
		On entry : 
		On exit  : 
		Unchanged: 
 Data sizes:     COMMON   BANK0   BANK1   BANK2
      Params:         0       0       0       0
      Locals:         0       0       0       0
      Temps:          0       0       0       0
      Totals:         0       0       0       0
Total ram usage:        0 bytes
 Hardware stack levels used:    1
 Hardware stack levels required when called:    1
 This function calls:
		Nothing
 This function is called by:
		_main
 This function uses a non-reentrant model


 *************** function _Bike_ButtonProcess *****************
 Defined at:
		line 142 in file "main.c"
 Parameters:    Size  Location     Type
		None
 Auto vars:     Size  Location     Type
  ProcessWindF    1    1[BANK0 ] unsigned char 
  RxLED_40sNot    1    0[BANK0 ] unsigned char 
 Return value:  Size  Location     Type
                  1    wreg      unsigned char 
 Registers used:
		wreg, fsr0l, fsr0h, status,2, status,0, pclath, cstack
 Tracked objects:
		On entry : 
		On exit  : 
		Unchanged: 
 Data sizes:     COMMON   BANK0   BANK1   BANK2
      Params:         0       0       0       0
      Locals:         0       2       0       0
      Temps:          1       0       0       0
      Totals:         1       2       0       0
Total ram usage:        3 bytes
 Hardware stack levels used:    1
 Hardware stack levels required when called:    2
 This function calls:
		_Rx_RightLED_StateNoti
		_delay_ms
 This function is called by:
		_main
 This function uses a non-reentrant model


 *************** function _Rx_RightLED_StateNoti *****************
 Defined at:
		line 548 in file "LED_APA102.c"
 Parameters:    Size  Location     Type
		None
 Auto vars:     Size  Location     Type
  StateValue      1    4[COMMON] unsigned char 
 Return value:  Size  Location     Type
                  1    wreg      unsigned char 
 Registers used:
		wreg, status,2, status,0
 Tracked objects:
		On entry : 
		On exit  : 
		Unchanged: 
 Data sizes:     COMMON   BANK0   BANK1   BANK2
      Params:         0       0       0       0
      Locals:         1       0       0       0
      Temps:          1       0       0       0
      Totals:         2       0       0       0
Total ram usage:        2 bytes
 Hardware stack levels used:    1
 Hardware stack levels required when called:    1
 This function calls:
		Nothing
 This function is called by:
		_Bike_ButtonProcess
 This function uses a non-reentrant model


 *************** function _APA102Leds_Splash *****************
 Defined at:
		line 106 in file "main.c"
 Parameters:    Size  Location     Type
		None
 Auto vars:     Size  Location     Type
		None
 Return value:  Size  Location     Type
                  1    wreg      void 
 Registers used:
		wreg, fsr0l, fsr0h, fsr1l, fsr1h, status,2, status,0, pclath, cstack
 Tracked objects:
		On entry : 
		On exit  : 
		Unchanged: 
 Data sizes:     COMMON   BANK0   BANK1   BANK2
      Params:         0       0       0       0
      Locals:         0       0       0       0
      Temps:          0       1       0       0
      Totals:         0       1       0       0
Total ram usage:        1 bytes
 Hardware stack levels used:    1
 Hardware stack levels required when called:    4
 This function calls:
		_DispFlowLight
		_DispLEDFix_LightRed
		_DispStandByLight
		_delay_ms
		_led_init
 This function is called by:
		_main
 This function uses a non-reentrant model


 *************** function _led_init *****************
 Defined at:
		line 64 in file "main.c"
 Parameters:    Size  Location     Type
		None
 Auto vars:     Size  Location     Type
		None
 Return value:  Size  Location     Type
                  1    wreg      void 
 Registers used:
		wreg, fsr1l, fsr1h, status,2, status,0, pclath, cstack
 Tracked objects:
		On entry : 
		On exit  : 
		Unchanged: 
 Data sizes:     COMMON   BANK0   BANK1   BANK2
      Params:         0       0       0       0
      Locals:         0       0       0       0
      Temps:          0       0       0       0
      Totals:         0       0       0       0
Total ram usage:        0 bytes
 Hardware stack levels used:    1
 Hardware stack levels required when called:    3
 This function calls:
		_led_display
		_make_data
		_make_flow_patt
 This function is called by:
		_APA102Leds_Splash
		_main
 This function uses a non-reentrant model


 *************** function _DispStandByLight *****************
 Defined at:
		line 464 in file "LED_APA102.c"
 Parameters:    Size  Location     Type
		None
 Auto vars:     Size  Location     Type
  sti             1    0[BANK0 ] unsigned char 
 Return value:  Size  Location     Type
                  1    wreg      void 
 Registers used:
		wreg, fsr1l, fsr1h, status,2, status,0, pclath, cstack
 Tracked objects:
		On entry : 
		On exit  : 
		Unchanged: 
 Data sizes:     COMMON   BANK0   BANK1   BANK2
      Params:         0       0       0       0
      Locals:         0       1       0       0
      Temps:          2       0       0       0
      Totals:         2       1       0       0
Total ram usage:        3 bytes
 Hardware stack levels used:    1
 Hardware stack levels required when called:    3
 This function calls:
		_led_display
 This function is called by:
		_APA102Leds_Splash
		_main
 This function uses a non-reentrant model


 *************** function _DispLEDFix_LightRed *****************
 Defined at:
		line 520 in file "LED_APA102.c"
 Parameters:    Size  Location     Type
		None
 Auto vars:     Size  Location     Type
		None
 Return value:  Size  Location     Type
                  1    wreg      void 
 Registers used:
		wreg, fsr1l, fsr1h, status,2, status,0, pclath, cstack
 Tracked objects:
		On entry : 
		On exit  : 
		Unchanged: 
 Data sizes:     COMMON   BANK0   BANK1   BANK2
      Params:         0       0       0       0
      Locals:         0       0       0       0
      Temps:          0       1       0       0
      Totals:         0       1       0       0
Total ram usage:        1 bytes
 Hardware stack levels used:    1
 Hardware stack levels required when called:    3
 This function calls:
		_led_display
		_make_data
		_make_fix_patt
 This function is called by:
		_APA102Leds_Splash
 This function uses a non-reentrant model


 *************** function _make_fix_patt *****************
 Defined at:
		line 87 in file "LED_APA102.c"
 Parameters:    Size  Location     Type
  fbrt            1    wreg     unsigned char 
 Auto vars:     Size  Location     Type
  fbrt            1    4[COMMON] unsigned char 
  brti            1    5[COMMON] unsigned char 
 Return value:  Size  Location     Type
                  1    wreg      void 
 Registers used:
		wreg, fsr1l, fsr1h, status,2, status,0
 Tracked objects:
		On entry : 
		On exit  : 
		Unchanged: 
 Data sizes:     COMMON   BANK0   BANK1   BANK2
      Params:         0       0       0       0
      Locals:         2       0       0       0
      Temps:          1       0       0       0
      Totals:         3       0       0       0
Total ram usage:        3 bytes
 Hardware stack levels used:    1
 Hardware stack levels required when called:    1
 This function calls:
		Nothing
 This function is called by:
		_DispLEDFix_LightRed
		_DispRainBowLight
		_DispLEDFix_LightGreen
		_DispLEDFix_LightBlue
		_DispHazardLight
 This function uses a non-reentrant model


 *************** function _DispFlowLight *****************
 Defined at:
		line 321 in file "LED_APA102.c"
 Parameters:    Size  Location     Type
  colrR           1    wreg     unsigned char 
  colrG           1   10[BANK0 ] unsigned char 
  colrB           1   11[BANK0 ] unsigned char 
 Auto vars:     Size  Location     Type
  colrR           1   17[BANK0 ] unsigned char 
  dsptj           1   18[BANK0 ] unsigned char 
  dspti           1   16[BANK0 ] unsigned char 
  dsptk           1   15[BANK0 ] unsigned char 
 Return value:  Size  Location     Type
                  1    wreg      unsigned char 
 Registers used:
		wreg, fsr1l, fsr1h, status,2, status,0, pclath, cstack
 Tracked objects:
		On entry : 
		On exit  : 
		Unchanged: 
 Data sizes:     COMMON   BANK0   BANK1   BANK2
      Params:         0       2       0       0
      Locals:         0       4       0       0
      Temps:          0       3       0       0
      Totals:         0       9       0       0
Total ram usage:        9 bytes
 Hardware stack levels used:    1
 Hardware stack levels required when called:    3
 This function calls:
		_delay_ms
		_led_display
		_make_data
		_make_flow_patt
 This function is called by:
		_APA102Leds_Splash
 This function uses a non-reentrant model


 *************** function _make_flow_patt *****************
 Defined at:
		line 61 in file "LED_APA102.c"
 Parameters:    Size  Location     Type
  endn            1    wreg     char 
 Auto vars:     Size  Location     Type
  endn            1    9[COMMON] char 
  brti            1   10[COMMON] char 
 Return value:  Size  Location     Type
                  1    wreg      void 
 Registers used:
		wreg, fsr1l, fsr1h, status,2, status,0, pclath, cstack
 Tracked objects:
		On entry : 
		On exit  : 
		Unchanged: 
 Data sizes:     COMMON   BANK0   BANK1   BANK2
      Params:         0       0       0       0
      Locals:         2       0       0       0
      Temps:          0       7       0       0
      Totals:         2       7       0       0
Total ram usage:        9 bytes
 Hardware stack levels used:    1
 Hardware stack levels required when called:    2
 This function calls:
		___bmul
		___wmul
 This function is called by:
		_led_init
		_DispFlowLight
 This function uses a non-reentrant model


 *************** function ___wmul *****************
 Defined at:
		line 15 in file "C:\Program Files (x86)\Microchip\xc8\v1.41\sources\common\Umul16.c"
 Parameters:    Size  Location     Type
  multiplier      2    3[COMMON] unsigned int 
  multiplicand    2    5[COMMON] unsigned int 
 Auto vars:     Size  Location     Type
  product         2    7[COMMON] unsigned int 
 Return value:  Size  Location     Type
                  2    3[COMMON] unsigned int 
 Registers used:
		wreg, status,2, status,0
 Tracked objects:
		On entry : 
		On exit  : 
		Unchanged: 
 Data sizes:     COMMON   BANK0   BANK1   BANK2
      Params:         4       0       0       0
      Locals:         2       0       0       0
      Temps:          0       0       0       0
      Totals:         6       0       0       0
Total ram usage:        6 bytes
 Hardware stack levels used:    1
 Hardware stack levels required when called:    1
 This function calls:
		Nothing
 This function is called by:
		_make_flow_patt
 This function uses a non-reentrant model


 *************** function ___bmul *****************
 Defined at:
		line 4 in file "C:\Program Files (x86)\Microchip\xc8\v1.41\sources\common\Umul8.c"
 Parameters:    Size  Location     Type
  multiplier      1    wreg     unsigned char 
  multiplicand    1    3[COMMON] unsigned char 
 Auto vars:     Size  Location     Type
  multiplier      1    6[COMMON] unsigned char 
  product         1    5[COMMON] unsigned char 
 Return value:  Size  Location     Type
                  1    wreg      unsigned char 
 Registers used:
		wreg, status,2, status,0
 Tracked objects:
		On entry : 
		On exit  : 
		Unchanged: 
 Data sizes:     COMMON   BANK0   BANK1   BANK2
      Params:         1       0       0       0
      Locals:         2       0       0       0
      Temps:          1       0       0       0
      Totals:         4       0       0       0
Total ram usage:        4 bytes
 Hardware stack levels used:    1
 Hardware stack levels required when called:    1
 This function calls:
		Nothing
 This function is called by:
		_make_flow_patt
		_DispRainBowLight
 This function uses a non-reentrant model


 *************** function _make_data *****************
 Defined at:
		line 97 in file "LED_APA102.c"
 Parameters:    Size  Location     Type
  brt             1    wreg     unsigned char 
  rcl             1    8[COMMON] unsigned char 
  gcl             1    9[COMMON] unsigned char 
  bcl             1   10[COMMON] unsigned char 
 Auto vars:     Size  Location     Type
  brt             1    8[BANK0 ] unsigned char 
  mki             1    9[BANK0 ] unsigned char 
 Return value:  Size  Location     Type
                  1    wreg      void 
 Registers used:
		wreg, fsr1l, fsr1h, status,2, status,0, pclath, cstack
 Tracked objects:
		On entry : 
		On exit  : 
		Unchanged: 
 Data sizes:     COMMON   BANK0   BANK1   BANK2
      Params:         3       0       0       0
      Locals:         0       2       0       0
      Temps:          0       4       0       0
      Totals:         3       6       0       0
Total ram usage:        9 bytes
 Hardware stack levels used:    1
 Hardware stack levels required when called:    2
 This function calls:
		___awdiv
 This function is called by:
		_led_init
		_DispFlowLight
		_DispLEDFix_LightRed
		_DispRainBowLight
		_DispLEDFix_LightGreen
		_DispLEDFix_LightBlue
		_DispHazardLight
 This function uses a non-reentrant model


 *************** function ___awdiv *****************
 Defined at:
		line 6 in file "C:\Program Files (x86)\Microchip\xc8\v1.41\sources\common\awdiv.c"
 Parameters:    Size  Location     Type
  divisor         2    3[COMMON] int 
  dividend        2    5[COMMON] int 
 Auto vars:     Size  Location     Type
  quotient        2    2[BANK0 ] int 
  sign            1    1[BANK0 ] unsigned char 
  counter         1    0[BANK0 ] unsigned char 
 Return value:  Size  Location     Type
                  2    3[COMMON] int 
 Registers used:
		wreg, status,2, status,0
 Tracked objects:
		On entry : 
		On exit  : 
		Unchanged: 
 Data sizes:     COMMON   BANK0   BANK1   BANK2
      Params:         4       0       0       0
      Locals:         0       4       0       0
      Temps:          1       0       0       0
      Totals:         5       4       0       0
Total ram usage:        9 bytes
 Hardware stack levels used:    1
 Hardware stack levels required when called:    1
 This function calls:
		Nothing
 This function is called by:
		_make_data
 This function uses a non-reentrant model


 *************** function _led_display *****************
 Defined at:
		line 134 in file "LED_APA102.c"
 Parameters:    Size  Location     Type
		None
 Auto vars:     Size  Location     Type
  dsi             1    8[COMMON] unsigned char 
 Return value:  Size  Location     Type
                  1    wreg      void 
 Registers used:
		wreg, fsr1l, fsr1h, status,2, status,0, pclath, cstack
 Tracked objects:
		On entry : 
		On exit  : 
		Unchanged: 
 Data sizes:     COMMON   BANK0   BANK1   BANK2
      Params:         0       0       0       0
      Locals:         1       0       0       0
      Temps:          1       0       0       0
      Totals:         2       0       0       0
Total ram usage:        2 bytes
 Hardware stack levels used:    1
 Hardware stack levels required when called:    2
 This function calls:
		_output_spi
 This function is called by:
		_led_init
		_DispFlowLight
		_DispStandByLight
		_DispLEDFix_LightRed
		_DispRainBowLight
		_DispSingleLED_On
		_DispLEDFix_LightGreen
		_DispLEDFix_LightBlue
		_DispHazardLight
 This function uses a non-reentrant model


 *************** function _output_spi *****************
 Defined at:
		line 7 in file "LED_APA102.c"
 Parameters:    Size  Location     Type
  vl              1    wreg     unsigned char 
 Auto vars:     Size  Location     Type
  vl              1    5[COMMON] unsigned char 
  vl_tmp          1    6[COMMON] unsigned char 
  bitv            1    4[COMMON] unsigned char 
 Return value:  Size  Location     Type
                  1    wreg      void 
 Registers used:
		wreg
 Tracked objects:
		On entry : 
		On exit  : 
		Unchanged: 
 Data sizes:     COMMON   BANK0   BANK1   BANK2
      Params:         0       0       0       0
      Locals:         3       0       0       0
      Temps:          1       0       0       0
      Totals:         4       0       0       0
Total ram usage:        4 bytes
 Hardware stack levels used:    1
 Hardware stack levels required when called:    1
 This function calls:
		Nothing
 This function is called by:
		_led_display
 This function uses a non-reentrant model


 *************** function _delay_ms *****************
 Defined at:
		line 7 in file "main.c"
 Parameters:    Size  Location     Type
  mscnt           2    3[COMMON] unsigned int 
 Auto vars:     Size  Location     Type
  j               2    7[COMMON] unsigned int 
  i               2    5[COMMON] unsigned int 
 Return value:  Size  Location     Type
                  1    wreg      void 
 Registers used:
		wreg, status,2
 Tracked objects:
		On entry : 
		On exit  : 
		Unchanged: 
 Data sizes:     COMMON   BANK0   BANK1   BANK2
      Params:         2       0       0       0
      Locals:         4       0       0       0
      Temps:          0       0       0       0
      Totals:         6       0       0       0
Total ram usage:        6 bytes
 Hardware stack levels used:    1
 Hardware stack levels required when called:    1
 This function calls:
		Nothing
 This function is called by:
		_APA102Leds_Splash
		_Bike_ButtonProcess
		_main
		_DispFlowLight
		_Scan_Button
		_UART_WRSTR
		_Wait_RightFor40s
		_Wait_BrakeRightFor40s
		_DispRainBowLight
 This function uses a non-reentrant model


 *************** function _High_isr *****************
 Defined at:
		line 71 in file "main.c"
 Parameters:    Size  Location     Type
		None
 Auto vars:     Size  Location     Type
  RXCheck         1    2[COMMON] unsigned char 
 Return value:  Size  Location     Type
                  1    wreg      void 
 Registers used:
		wreg, status,2, status,0
 Tracked objects:
		On entry : 
		On exit  : 
		Unchanged: 
 Data sizes:     COMMON   BANK0   BANK1   BANK2
      Params:         0       0       0       0
      Locals:         1       0       0       0
      Temps:          2       0       0       0
      Totals:         3       0       0       0
Total ram usage:        3 bytes
 Hardware stack levels used:    1
 This function calls:
		Nothing
 This function is called by:
		Interrupt level 1
 This function uses a non-reentrant model



MODULE INFORMATION

Module		Function		Class		Link	Load	Size
C:\Program Files (x86)\Microchip\xc8\v1.41\sources\common\awdiv.c
		___awdiv       		CODE           	0430	0000	83

C:\Program Files (x86)\Microchip\xc8\v1.41\sources\common\awdiv.c estimated size: 83

LED_APA102.c
		_make_data     		CODE           	0066	0000	303
		_DispFlowLight 		CODE           	0318	0000	98
		_led_display   		CODE           	05D1	0000	19
		_make_fix_patt 		CODE           	05AC	0000	20
		_Rx_RightLED_StateNoti		CODE           	0598	0000	21
		_make_flow_patt		CODE           	0194	0000	151
		_DispStandByLight		CODE           	022A	0000	142
		_DispLEDFix_LightRed		CODE           	05BF	0000	19
		_output_spi    		CODE           	03D8	0000	89

LED_APA102.c estimated size: 862

C:\Program Files (x86)\Microchip\xc8\v1.41\sources\common\Umul8.c
		___bmul        		CODE           	05E3	0000	18

C:\Program Files (x86)\Microchip\xc8\v1.41\sources\common\Umul8.c estimated size: 18

C:\Program Files (x86)\Microchip\xc8\v1.41\sources\common\Umul16.c
		___wmul        		CODE           	054D	0000	28

C:\Program Files (x86)\Microchip\xc8\v1.41\sources\common\Umul16.c estimated size: 28

shared
		__initialization		CODE           	0050	0000	19

shared estimated size: 19

KeyButton.c
		_Scan_Button   		CODE           	0379	0000	96

KeyButton.c estimated size: 96

main.c
		_led_init      		CODE           	05F4	0000	15
		_High_isr      		CODE           	0004	0000	75
		_InitSystemClock		CODE           	0602	0000	12
		_main          		CODE           	0482	0000	73
		_APA102Leds_Splash		CODE           	02B7	0000	98
		_Bike_ButtonProcess		CODE           	04CA	0000	67
		_InitGPIOS     		CODE           	052F	0000	31
		_delay_ms      		CODE           	050C	0000	36

main.c estimated size: 407

